// Jest Snapshot v1, https://goo.gl/fbAQLP

exports[`404 Page matches the snapshot 1`] = `
<div>
  <div>
    <nav
      class="jsx-18eed197f0591e0e"
    >
      <ul
        class="jsx-18eed197f0591e0e"
      >
        <div
          class="jsx-fc21c924b68187d1 social-link-container"
        >
          <li
            class="jsx-fc21c924b68187d1"
          >
            <a
              class="jsx-fc21c924b68187d1 social-link rainbow-hover"
              href="https://github.com/antonioortegajr"
            >
              <svg
                aria-hidden="true"
                class="svg-inline--fa fa-github fa-lg "
                data-icon="github"
                data-prefix="fab"
                focusable="false"
                role="img"
                viewBox="0 0 496 512"
                xmlns="http://www.w3.org/2000/svg"
              >
                <path
                  d="M165.9 397.4c0 2-2.3 3.6-5.2 3.6-3.3.3-5.6-1.3-5.6-3.6 0-2 2.3-3.6 5.2-3.6 3-.3 5.6 1.3 5.6 3.6zm-31.1-4.5c-.7 2 1.3 4.3 4.3 4.9 2.6 1 5.6 0 6.2-2s-1.3-4.3-4.3-5.2c-2.6-.7-5.5.3-6.2 2.3zm44.2-1.7c-2.9.7-4.9 2.6-4.6 4.9.3 2 2.9 3.3 5.9 2.6 2.9-.7 4.9-2.6 4.6-4.6-.3-1.9-3-3.2-5.9-2.9zM244.8 8C106.1 8 0 113.3 0 252c0 110.9 69.8 205.8 169.5 239.2 12.8 2.3 17.3-5.6 17.3-12.1 0-6.2-.3-40.4-.3-61.4 0 0-70 15-84.7-29.8 0 0-11.4-29.1-27.8-36.6 0 0-22.9-15.7 1.6-15.4 0 0 24.9 2 38.6 25.8 21.9 38.6 58.6 27.5 72.9 20.9 2.3-16 8.8-27.1 16-33.7-55.9-6.2-112.3-14.3-112.3-110.5 0-27.5 7.6-41.3 23.6-58.9-2.6-6.5-11.1-33.3 2.6-67.9 20.9-6.5 69 27 69 27 20-5.6 41.5-8.5 62.8-8.5s42.8 2.9 62.8 8.5c0 0 48.1-33.6 69-27 13.7 34.7 5.2 61.4 2.6 67.9 16 17.7 25.8 31.5 25.8 58.9 0 96.5-58.9 104.2-114.8 110.5 9.2 7.9 17 22.9 17 46.4 0 33.7-.3 75.4-.3 83.6 0 6.5 4.6 14.4 17.3 12.1C428.2 457.8 496 362.9 496 252 496 113.3 383.5 8 244.8 8zM97.2 352.9c-1.3 1-1 3.3.7 5.2 1.6 1.6 3.9 2.3 5.2 1 1.3-1 1-3.3-.7-5.2-1.6-1.6-3.9-2.3-5.2-1zm-10.8-8.1c-.7 1.3.3 2.9 2.3 3.9 1.6 1 3.6.7 4.3-.7.7-1.3-.3-2.9-2.3-3.9-2-.6-3.6-.3-4.3.7zm32.4 35.6c-1.6 1.3-1 4.3 1.3 6.2 2.3 2.3 5.2 2.6 6.5 1 1.3-1.3.7-4.3-1.3-6.2-2.2-2.3-5.2-2.6-6.5-1zm-11.4-14.7c-1.6 1-1.6 3.6 0 5.9 1.6 2.3 4.3 3.3 5.6 2.3 1.6-1.3 1.6-3.9 0-6.2-1.4-2.3-4-3.3-5.6-2z"
                  fill="currentColor"
                />
              </svg>
            </a>
          </li>
        </div>
        <div
          class="jsx-fc21c924b68187d1 social-link-container"
        >
          <li
            class="jsx-fc21c924b68187d1"
          >
            <a
              class="jsx-fc21c924b68187d1 social-link rainbow-hover"
              href="https://www.linkedin.com/in/antonioortegajr/"
            >
              <svg
                aria-hidden="true"
                class="svg-inline--fa fa-linkedin fa-lg "
                data-icon="linkedin"
                data-prefix="fab"
                focusable="false"
                role="img"
                viewBox="0 0 448 512"
                xmlns="http://www.w3.org/2000/svg"
              >
                <path
                  d="M416 32H31.9C14.3 32 0 46.5 0 64.3v383.4C0 465.5 14.3 480 31.9 480H416c17.6 0 32-14.5 32-32.3V64.3c0-17.8-14.4-32.3-32-32.3zM135.4 416H69V202.2h66.5V416zm-33.2-243c-21.3 0-38.5-17.3-38.5-38.5S80.9 96 102.2 96c21.2 0 38.5 17.3 38.5 38.5 0 21.3-17.2 38.5-38.5 38.5zm282.1 243h-66.4V312c0-24.8-.5-56.7-34.5-56.7-34.6 0-39.9 27-39.9 54.9V416h-66.4V202.2h63.7v29.2h.9c8.9-16.8 30.6-34.5 62.9-34.5 67.2 0 79.7 44.3 79.7 101.9V416z"
                  fill="currentColor"
                />
              </svg>
            </a>
          </li>
        </div>
        <div
          class="jsx-fc21c924b68187d1 social-link-container"
        >
          <li
            class="jsx-fc21c924b68187d1"
          >
            <a
              class="jsx-fc21c924b68187d1 social-link rainbow-hover"
              href="https://facebook.com/antonioortegajr"
            >
              <svg
                aria-hidden="true"
                class="svg-inline--fa fa-facebook fa-lg "
                data-icon="facebook"
                data-prefix="fab"
                focusable="false"
                role="img"
                viewBox="0 0 512 512"
                xmlns="http://www.w3.org/2000/svg"
              >
                <path
                  d="M512 256C512 114.6 397.4 0 256 0S0 114.6 0 256C0 376 82.7 476.8 194.2 504.5V334.2H141.4V256h52.8V222.3c0-87.1 39.4-127.5 125-127.5c16.2 0 44.2 3.2 55.7 6.4V172c-6-.6-16.5-1-29.6-1c-42 0-58.2 15.9-58.2 57.2V256h83.6l-14.4 78.2H287V510.1C413.8 494.8 512 386.9 512 256h0z"
                  fill="currentColor"
                />
              </svg>
            </a>
          </li>
        </div>
        <div
          class="jsx-fc21c924b68187d1 social-link-container"
        >
          <li
            class="jsx-fc21c924b68187d1"
          >
            <a
              class="jsx-fc21c924b68187d1 social-link rainbow-hover"
              href="https://twitter.com/antonioortegajr"
            >
              <svg
                aria-hidden="true"
                class="svg-inline--fa fa-twitter fa-lg "
                data-icon="twitter"
                data-prefix="fab"
                focusable="false"
                role="img"
                viewBox="0 0 512 512"
                xmlns="http://www.w3.org/2000/svg"
              >
                <path
                  d="M459.37 151.716c.325 4.548.325 9.097.325 13.645 0 138.72-105.583 298.558-298.558 298.558-59.452 0-114.68-17.219-161.137-47.106 8.447.974 16.568 1.299 25.34 1.299 49.055 0 94.213-16.568 130.274-44.832-46.132-.975-84.792-31.188-98.112-72.772 6.498.974 12.995 1.624 19.818 1.624 9.421 0 18.843-1.3 27.614-3.573-48.081-9.747-84.143-51.98-84.143-102.985v-1.299c13.969 7.797 30.214 12.67 47.431 13.319-28.264-18.843-46.781-51.005-46.781-87.391 0-19.492 5.197-37.36 14.294-52.954 51.655 63.675 129.3 105.258 216.365 109.807-1.624-7.797-2.599-15.918-2.599-24.04 0-57.828 46.782-104.934 104.934-104.934 30.213 0 57.502 12.67 76.67 33.137 23.715-4.548 46.456-13.32 66.599-25.34-7.798 24.366-24.366 44.833-46.132 57.827 21.117-2.273 41.584-8.122 60.426-16.243-14.292 20.791-32.161 39.308-52.628 54.253z"
                  fill="currentColor"
                />
              </svg>
            </a>
          </li>
        </div>
      </ul>
    </nav>
    <div
      class="jsx-60520bf242ac8bd8"
      id="page-message"
    >
      <div
        class="jsx-60520bf242ac8bd8 error-icon"
      >
        🚀
      </div>
      <h1
        class="jsx-60520bf242ac8bd8"
      >
        404
      </h1>
      <p
        class="jsx-60520bf242ac8bd8"
      >
        Oops! Looks like you're lost in space.
      </p>
      <p
        class="jsx-60520bf242ac8bd8"
      >
        The page you're looking for isn't here.
      </p>
      <a
        class="jsx-60520bf242ac8bd8 back-button"
        href="/"
      >
        Go Back Home
      </a>
      <img
        alt="404"
        class="jsx-60520bf242ac8bd8"
        src="https://aibadge.org/badges/made-with-ai-blue-green.svg"
        style="max-width: 75px; margin-top: 20px;"
      />
      <p
        class="jsx-60520bf242ac8bd8"
      >
        This lame 404 page was generated via ChatGPT.
      </p>
      <p
        class="jsx-60520bf242ac8bd8"
      >
        Our jobs are safe.
      </p>
    </div>
  </div>
</div>
`;

exports[`Home Page matches the snapshot 1`] = `
<div>
  <div
    class="jsx-c163f45a9b619e59"
  >
    <nav
      class="jsx-18eed197f0591e0e"
    >
      <ul
        class="jsx-18eed197f0591e0e"
      >
        <div
          class="jsx-fc21c924b68187d1 social-link-container"
        >
          <li
            class="jsx-fc21c924b68187d1"
          >
            <a
              class="jsx-fc21c924b68187d1 social-link rainbow-hover"
              href="https://github.com/antonioortegajr"
            >
              <svg
                aria-hidden="true"
                class="svg-inline--fa fa-github fa-lg "
                data-icon="github"
                data-prefix="fab"
                focusable="false"
                role="img"
                viewBox="0 0 496 512"
                xmlns="http://www.w3.org/2000/svg"
              >
                <path
                  d="M165.9 397.4c0 2-2.3 3.6-5.2 3.6-3.3.3-5.6-1.3-5.6-3.6 0-2 2.3-3.6 5.2-3.6 3-.3 5.6 1.3 5.6 3.6zm-31.1-4.5c-.7 2 1.3 4.3 4.3 4.9 2.6 1 5.6 0 6.2-2s-1.3-4.3-4.3-5.2c-2.6-.7-5.5.3-6.2 2.3zm44.2-1.7c-2.9.7-4.9 2.6-4.6 4.9.3 2 2.9 3.3 5.9 2.6 2.9-.7 4.9-2.6 4.6-4.6-.3-1.9-3-3.2-5.9-2.9zM244.8 8C106.1 8 0 113.3 0 252c0 110.9 69.8 205.8 169.5 239.2 12.8 2.3 17.3-5.6 17.3-12.1 0-6.2-.3-40.4-.3-61.4 0 0-70 15-84.7-29.8 0 0-11.4-29.1-27.8-36.6 0 0-22.9-15.7 1.6-15.4 0 0 24.9 2 38.6 25.8 21.9 38.6 58.6 27.5 72.9 20.9 2.3-16 8.8-27.1 16-33.7-55.9-6.2-112.3-14.3-112.3-110.5 0-27.5 7.6-41.3 23.6-58.9-2.6-6.5-11.1-33.3 2.6-67.9 20.9-6.5 69 27 69 27 20-5.6 41.5-8.5 62.8-8.5s42.8 2.9 62.8 8.5c0 0 48.1-33.6 69-27 13.7 34.7 5.2 61.4 2.6 67.9 16 17.7 25.8 31.5 25.8 58.9 0 96.5-58.9 104.2-114.8 110.5 9.2 7.9 17 22.9 17 46.4 0 33.7-.3 75.4-.3 83.6 0 6.5 4.6 14.4 17.3 12.1C428.2 457.8 496 362.9 496 252 496 113.3 383.5 8 244.8 8zM97.2 352.9c-1.3 1-1 3.3.7 5.2 1.6 1.6 3.9 2.3 5.2 1 1.3-1 1-3.3-.7-5.2-1.6-1.6-3.9-2.3-5.2-1zm-10.8-8.1c-.7 1.3.3 2.9 2.3 3.9 1.6 1 3.6.7 4.3-.7.7-1.3-.3-2.9-2.3-3.9-2-.6-3.6-.3-4.3.7zm32.4 35.6c-1.6 1.3-1 4.3 1.3 6.2 2.3 2.3 5.2 2.6 6.5 1 1.3-1.3.7-4.3-1.3-6.2-2.2-2.3-5.2-2.6-6.5-1zm-11.4-14.7c-1.6 1-1.6 3.6 0 5.9 1.6 2.3 4.3 3.3 5.6 2.3 1.6-1.3 1.6-3.9 0-6.2-1.4-2.3-4-3.3-5.6-2z"
                  fill="currentColor"
                />
              </svg>
            </a>
          </li>
        </div>
        <div
          class="jsx-fc21c924b68187d1 social-link-container"
        >
          <li
            class="jsx-fc21c924b68187d1"
          >
            <a
              class="jsx-fc21c924b68187d1 social-link rainbow-hover"
              href="https://www.linkedin.com/in/antonioortegajr/"
            >
              <svg
                aria-hidden="true"
                class="svg-inline--fa fa-linkedin fa-lg "
                data-icon="linkedin"
                data-prefix="fab"
                focusable="false"
                role="img"
                viewBox="0 0 448 512"
                xmlns="http://www.w3.org/2000/svg"
              >
                <path
                  d="M416 32H31.9C14.3 32 0 46.5 0 64.3v383.4C0 465.5 14.3 480 31.9 480H416c17.6 0 32-14.5 32-32.3V64.3c0-17.8-14.4-32.3-32-32.3zM135.4 416H69V202.2h66.5V416zm-33.2-243c-21.3 0-38.5-17.3-38.5-38.5S80.9 96 102.2 96c21.2 0 38.5 17.3 38.5 38.5 0 21.3-17.2 38.5-38.5 38.5zm282.1 243h-66.4V312c0-24.8-.5-56.7-34.5-56.7-34.6 0-39.9 27-39.9 54.9V416h-66.4V202.2h63.7v29.2h.9c8.9-16.8 30.6-34.5 62.9-34.5 67.2 0 79.7 44.3 79.7 101.9V416z"
                  fill="currentColor"
                />
              </svg>
            </a>
          </li>
        </div>
        <div
          class="jsx-fc21c924b68187d1 social-link-container"
        >
          <li
            class="jsx-fc21c924b68187d1"
          >
            <a
              class="jsx-fc21c924b68187d1 social-link rainbow-hover"
              href="https://facebook.com/antonioortegajr"
            >
              <svg
                aria-hidden="true"
                class="svg-inline--fa fa-facebook fa-lg "
                data-icon="facebook"
                data-prefix="fab"
                focusable="false"
                role="img"
                viewBox="0 0 512 512"
                xmlns="http://www.w3.org/2000/svg"
              >
                <path
                  d="M512 256C512 114.6 397.4 0 256 0S0 114.6 0 256C0 376 82.7 476.8 194.2 504.5V334.2H141.4V256h52.8V222.3c0-87.1 39.4-127.5 125-127.5c16.2 0 44.2 3.2 55.7 6.4V172c-6-.6-16.5-1-29.6-1c-42 0-58.2 15.9-58.2 57.2V256h83.6l-14.4 78.2H287V510.1C413.8 494.8 512 386.9 512 256h0z"
                  fill="currentColor"
                />
              </svg>
            </a>
          </li>
        </div>
        <div
          class="jsx-fc21c924b68187d1 social-link-container"
        >
          <li
            class="jsx-fc21c924b68187d1"
          >
            <a
              class="jsx-fc21c924b68187d1 social-link rainbow-hover"
              href="https://twitter.com/antonioortegajr"
            >
              <svg
                aria-hidden="true"
                class="svg-inline--fa fa-twitter fa-lg "
                data-icon="twitter"
                data-prefix="fab"
                focusable="false"
                role="img"
                viewBox="0 0 512 512"
                xmlns="http://www.w3.org/2000/svg"
              >
                <path
                  d="M459.37 151.716c.325 4.548.325 9.097.325 13.645 0 138.72-105.583 298.558-298.558 298.558-59.452 0-114.68-17.219-161.137-47.106 8.447.974 16.568 1.299 25.34 1.299 49.055 0 94.213-16.568 130.274-44.832-46.132-.975-84.792-31.188-98.112-72.772 6.498.974 12.995 1.624 19.818 1.624 9.421 0 18.843-1.3 27.614-3.573-48.081-9.747-84.143-51.98-84.143-102.985v-1.299c13.969 7.797 30.214 12.67 47.431 13.319-28.264-18.843-46.781-51.005-46.781-87.391 0-19.492 5.197-37.36 14.294-52.954 51.655 63.675 129.3 105.258 216.365 109.807-1.624-7.797-2.599-15.918-2.599-24.04 0-57.828 46.782-104.934 104.934-104.934 30.213 0 57.502 12.67 76.67 33.137 23.715-4.548 46.456-13.32 66.599-25.34-7.798 24.366-24.366 44.833-46.132 57.827 21.117-2.273 41.584-8.122 60.426-16.243-14.292 20.791-32.161 39.308-52.628 54.253z"
                  fill="currentColor"
                />
              </svg>
            </a>
          </li>
        </div>
      </ul>
    </nav>
    <div
      class="jsx-c163f45a9b619e59 hero"
    >
      <div
        class="jsx-c163f45a9b619e59"
        id="hero-images"
      >
        <div
          class="jsx-8c3a3d331b767a0a"
        >
          <img
            alt="antonio ortega jr"
            class="jsx-8c3a3d331b767a0a"
            id="me"
            src="/me.jpg"
          />
        </div>
        <div
          class="jsx-5fe3018a89d5d3a"
        >
          <code
            class="jsx-5fe3018a89d5d3a rainbow"
            id="bunny"
          >
            |￣￣￣￣￣￣|
            <br
              class="jsx-5fe3018a89d5d3a"
            />
            |    What     |
            <br
              class="jsx-5fe3018a89d5d3a"
            />
            |    Do       | 
            <br
              class="jsx-5fe3018a89d5d3a"
            />
            |  I DO     |
            <br
              class="jsx-5fe3018a89d5d3a"
            />
            |＿＿＿＿＿_|
            <br
              class="jsx-5fe3018a89d5d3a"
            />
                   || 
            <br
              class="jsx-5fe3018a89d5d3a"
            />
            (\\__/) || 
            <br
              class="jsx-5fe3018a89d5d3a"
            />
            (•ㅅ•) ||
            <br
              class="jsx-5fe3018a89d5d3a"
            />
            / 　 づ
            <br
              class="jsx-5fe3018a89d5d3a"
            />
          </code>
        </div>
      </div>
      <h1
        class="jsx-c163f45a9b619e59 title"
      >
        Antonio Ortega Jr
      </h1>
      <p
        class="jsx-c163f45a9b619e59 description"
      >
        I am an AI engineer at 
        <a
          class="jsx-c163f45a9b619e59 rainbow"
          href="https://www.propertyradar.com/"
        >
          Property Radar
        </a>
         living in Eugene Oregon.
      </p>
      <p
        class="jsx-c163f45a9b619e59 description"
      >
        I write code things and use things for code like aws. I also volunteer for code things.
      </p>
      <div
        class="jsx-c163f45a9b619e59 row"
      >
        <a
          class="jsx-32788be9e9e2260c card"
          href="https://eugenewebdevs.com"
        >
          <h3
            class="jsx-32788be9e9e2260c"
          >
            Eugene Web Devs 
             →
          </h3>
          <p
            class="jsx-32788be9e9e2260c"
            style="color: rgb(197, 195, 201);"
          >
            I am the organizer for a local web developers meetup
             
            <svg
              aria-hidden="true"
              class="svg-inline--fa fa-meetup fa-sm "
              data-icon="meetup"
              data-prefix="fab"
              focusable="false"
              role="img"
              viewBox="0 0 512 512"
              width="0.875em"
              xmlns="http://www.w3.org/2000/svg"
            >
              <path
                d="M99 414.3c1.1 5.7-2.3 11.1-8 12.3-5.4 1.1-10.9-2.3-12-8-1.1-5.4 2.3-11.1 7.7-12.3 5.4-1.2 11.1 2.3 12.3 8zm143.1 71.4c-6.3 4.6-8 13.4-3.7 20 4.6 6.6 13.4 8.3 20 3.7 6.3-4.6 8-13.4 3.4-20-4.2-6.5-13.1-8.3-19.7-3.7zm-86-462.3c6.3-1.4 10.3-7.7 8.9-14-1.1-6.6-7.4-10.6-13.7-9.1-6.3 1.4-10.3 7.7-9.1 14 1.4 6.6 7.6 10.6 13.9 9.1zM34.4 226.3c-10-6.9-23.7-4.3-30.6 6-6.9 10-4.3 24 5.7 30.9 10 7.1 23.7 4.6 30.6-5.7 6.9-10.4 4.3-24.1-5.7-31.2zm272-170.9c10.6-6.3 13.7-20 7.7-30.3-6.3-10.6-19.7-14-30-7.7s-13.7 20-7.4 30.6c6 10.3 19.4 13.7 29.7 7.4zm-191.1 58c7.7-5.4 9.4-16 4.3-23.7s-15.7-9.4-23.1-4.3c-7.7 5.4-9.4 16-4.3 23.7 5.1 7.8 15.6 9.5 23.1 4.3zm372.3 156c-7.4 1.7-12.3 9.1-10.6 16.9 1.4 7.4 8.9 12.3 16.3 10.6 7.4-1.4 12.3-8.9 10.6-16.6-1.5-7.4-8.9-12.3-16.3-10.9zm39.7-56.8c-1.1-5.7-6.6-9.1-12-8-5.7 1.1-9.1 6.9-8 12.6 1.1 5.4 6.6 9.1 12.3 8 5.4-1.5 9.1-6.9 7.7-12.6zM447 138.9c-8.6 6-10.6 17.7-4.9 26.3 5.7 8.6 17.4 10.6 26 4.9 8.3-6 10.3-17.7 4.6-26.3-5.7-8.7-17.4-10.9-25.7-4.9zm-6.3 139.4c26.3 43.1 15.1 100-26.3 129.1-17.4 12.3-37.1 17.7-56.9 17.1-12 47.1-69.4 64.6-105.1 32.6-1.1.9-2.6 1.7-3.7 2.9-39.1 27.1-92.3 17.4-119.4-22.3-9.7-14.3-14.6-30.6-15.1-46.9-65.4-10.9-90-94-41.1-139.7-28.3-46.9.6-107.4 53.4-114.9C151.6 70 234.1 38.6 290.1 82c67.4-22.3 136.3 29.4 130.9 101.1 41.1 12.6 52.8 66.9 19.7 95.2zm-70 74.3c-3.1-20.6-40.9-4.6-43.1-27.1-3.1-32 43.7-101.1 40-128-3.4-24-19.4-29.1-33.4-29.4-13.4-.3-16.9 2-21.4 4.6-2.9 1.7-6.6 4.9-11.7-.3-6.3-6-11.1-11.7-19.4-12.9-12.3-2-17.7 2-26.6 9.7-3.4 2.9-12 12.9-20 9.1-3.4-1.7-15.4-7.7-24-11.4-16.3-7.1-40 4.6-48.6 20-12.9 22.9-38 113.1-41.7 125.1-8.6 26.6 10.9 48.6 36.9 47.1 11.1-.6 18.3-4.6 25.4-17.4 4-7.4 41.7-107.7 44.6-112.6 2-3.4 8.9-8 14.6-5.1 5.7 3.1 6.9 9.4 6 15.1-1.1 9.7-28 70.9-28.9 77.7-3.4 22.9 26.9 26.6 38.6 4 3.7-7.1 45.7-92.6 49.4-98.3 4.3-6.3 7.4-8.3 11.7-8 3.1 0 8.3.9 7.1 10.9-1.4 9.4-35.1 72.3-38.9 87.7-4.6 20.6 6.6 41.4 24.9 50.6 11.4 5.7 62.5 15.7 58.5-11.1zm5.7 92.3c-10.3 7.4-12.9 22-5.7 32.6 7.1 10.6 21.4 13.1 32 6 10.6-7.4 13.1-22 6-32.6-7.4-10.6-21.7-13.5-32.3-6z"
                fill="currentColor"
              />
            </svg>
          </p>
        </a>
        <a
          class="jsx-32788be9e9e2260c card"
          href="https://hackforacause.org"
        >
          <h3
            class="jsx-32788be9e9e2260c"
          >
            Hack for a Cause 
             →
          </h3>
          <p
            class="jsx-32788be9e9e2260c"
            style="color: rgb(197, 195, 201);"
          >
            Contributing organizer of local civic themed hackathon.
             
          </p>
        </a>
        <a
          class="jsx-32788be9e9e2260c card"
          href="https://github.com/antonioortegajr"
        >
          <h3
            class="jsx-32788be9e9e2260c"
          >
            Code On GitHub 
             →
          </h3>
          <p
            class="jsx-32788be9e9e2260c"
            style="color: rgb(197, 195, 201);"
          >
            My code fun on 
             
            <svg
              aria-hidden="true"
              class="svg-inline--fa fa-github fa-sm "
              data-icon="github"
              data-prefix="fab"
              focusable="false"
              role="img"
              viewBox="0 0 496 512"
              width="0.875em"
              xmlns="http://www.w3.org/2000/svg"
            >
              <path
                d="M165.9 397.4c0 2-2.3 3.6-5.2 3.6-3.3.3-5.6-1.3-5.6-3.6 0-2 2.3-3.6 5.2-3.6 3-.3 5.6 1.3 5.6 3.6zm-31.1-4.5c-.7 2 1.3 4.3 4.3 4.9 2.6 1 5.6 0 6.2-2s-1.3-4.3-4.3-5.2c-2.6-.7-5.5.3-6.2 2.3zm44.2-1.7c-2.9.7-4.9 2.6-4.6 4.9.3 2 2.9 3.3 5.9 2.6 2.9-.7 4.9-2.6 4.6-4.6-.3-1.9-3-3.2-5.9-2.9zM244.8 8C106.1 8 0 113.3 0 252c0 110.9 69.8 205.8 169.5 239.2 12.8 2.3 17.3-5.6 17.3-12.1 0-6.2-.3-40.4-.3-61.4 0 0-70 15-84.7-29.8 0 0-11.4-29.1-27.8-36.6 0 0-22.9-15.7 1.6-15.4 0 0 24.9 2 38.6 25.8 21.9 38.6 58.6 27.5 72.9 20.9 2.3-16 8.8-27.1 16-33.7-55.9-6.2-112.3-14.3-112.3-110.5 0-27.5 7.6-41.3 23.6-58.9-2.6-6.5-11.1-33.3 2.6-67.9 20.9-6.5 69 27 69 27 20-5.6 41.5-8.5 62.8-8.5s42.8 2.9 62.8 8.5c0 0 48.1-33.6 69-27 13.7 34.7 5.2 61.4 2.6 67.9 16 17.7 25.8 31.5 25.8 58.9 0 96.5-58.9 104.2-114.8 110.5 9.2 7.9 17 22.9 17 46.4 0 33.7-.3 75.4-.3 83.6 0 6.5 4.6 14.4 17.3 12.1C428.2 457.8 496 362.9 496 252 496 113.3 383.5 8 244.8 8zM97.2 352.9c-1.3 1-1 3.3.7 5.2 1.6 1.6 3.9 2.3 5.2 1 1.3-1 1-3.3-.7-5.2-1.6-1.6-3.9-2.3-5.2-1zm-10.8-8.1c-.7 1.3.3 2.9 2.3 3.9 1.6 1 3.6.7 4.3-.7.7-1.3-.3-2.9-2.3-3.9-2-.6-3.6-.3-4.3.7zm32.4 35.6c-1.6 1.3-1 4.3 1.3 6.2 2.3 2.3 5.2 2.6 6.5 1 1.3-1.3.7-4.3-1.3-6.2-2.2-2.3-5.2-2.6-6.5-1zm-11.4-14.7c-1.6 1-1.6 3.6 0 5.9 1.6 2.3 4.3 3.3 5.6 2.3 1.6-1.3 1.6-3.9 0-6.2-1.4-2.3-4-3.3-5.6-2z"
                fill="currentColor"
              />
            </svg>
          </p>
        </a>
      </div>
      <h2
        class="jsx-c163f45a9b619e59"
      >
        About Me
      </h2>
      <div
        class="jsx-c163f45a9b619e59 row"
      >
        <p
          class="jsx-c163f45a9b619e59"
        >
          I started coding on a Commodore 64 when I was a kid. I continue to learn and help others learn about technologies. I host a monthly meet up here in Eugene, OR and speak about tech around town. I work remotely as a senior engineer.
        </p>
      </div>
      <h2
        class="jsx-c163f45a9b619e59"
      >
        Tools I Use Often
      </h2>
      <div
        class="jsx-c163f45a9b619e59 row"
      >
        <p
          class="jsx-c163f45a9b619e59"
        >
          I use these tools often in my job, and my side projects. I use many other technologies, but these seem to the the ones I use the most often at the moment. I enjoy experimenting with many other kinds of technologies as well like mobile apps and AI.
        </p>
      </div>
      <div
        class="jsx-c163f45a9b619e59 row"
        id="tech-icons"
      >
        <svg
          aria-hidden="true"
          class="svg-inline--fa fa-aws fa-3x "
          data-icon="aws"
          data-prefix="fab"
          focusable="false"
          role="img"
          viewBox="0 0 640 512"
          xmlns="http://www.w3.org/2000/svg"
        >
          <path
            d="M180.41 203.01c-.72 22.65 10.6 32.68 10.88 39.05a8.164 8.164 0 0 1-4.1 6.27l-12.8 8.96a10.66 10.66 0 0 1-5.63 1.92c-.43-.02-8.19 1.83-20.48-25.61a78.608 78.608 0 0 1-62.61 29.45c-16.28.89-60.4-9.24-58.13-56.21-1.59-38.28 34.06-62.06 70.93-60.05 7.1.02 21.6.37 46.99 6.27v-15.62c2.69-26.46-14.7-46.99-44.81-43.91-2.4.01-19.4-.5-45.84 10.11-7.36 3.38-8.3 2.82-10.75 2.82-7.41 0-4.36-21.48-2.94-24.2 5.21-6.4 35.86-18.35 65.94-18.18a76.857 76.857 0 0 1 55.69 17.28 70.285 70.285 0 0 1 17.67 52.36l-.01 69.29zM93.99 235.4c32.43-.47 46.16-19.97 49.29-30.47 2.46-10.05 2.05-16.41 2.05-27.4-9.67-2.32-23.59-4.85-39.56-4.87-15.15-1.14-42.82 5.63-41.74 32.26-1.24 16.79 11.12 31.4 29.96 30.48zm170.92 23.05c-7.86.72-11.52-4.86-12.68-10.37l-49.8-164.65c-.97-2.78-1.61-5.65-1.92-8.58a4.61 4.61 0 0 1 3.86-5.25c.24-.04-2.13 0 22.25 0 8.78-.88 11.64 6.03 12.55 10.37l35.72 140.83 33.16-140.83c.53-3.22 2.94-11.07 12.8-10.24h17.16c2.17-.18 11.11-.5 12.68 10.37l33.42 142.63L420.98 80.1c.48-2.18 2.72-11.37 12.68-10.37h19.72c.85-.13 6.15-.81 5.25 8.58-.43 1.85 3.41-10.66-52.75 169.9-1.15 5.51-4.82 11.09-12.68 10.37h-18.69c-10.94 1.15-12.51-9.66-12.68-10.75L328.67 110.7l-32.78 136.99c-.16 1.09-1.73 11.9-12.68 10.75h-18.3zm273.48 5.63c-5.88.01-33.92-.3-57.36-12.29a12.802 12.802 0 0 1-7.81-11.91v-10.75c0-8.45 6.2-6.9 8.83-5.89 10.04 4.06 16.48 7.14 28.81 9.6 36.65 7.53 52.77-2.3 56.72-4.48 13.15-7.81 14.19-25.68 5.25-34.95-10.48-8.79-15.48-9.12-53.13-21-4.64-1.29-43.7-13.61-43.79-52.36-.61-28.24 25.05-56.18 69.52-55.95 12.67-.01 46.43 4.13 55.57 15.62 1.35 2.09 2.02 4.55 1.92 7.04v10.11c0 4.44-1.62 6.66-4.87 6.66-7.71-.86-21.39-11.17-49.16-10.75-6.89-.36-39.89.91-38.41 24.97-.43 18.96 26.61 26.07 29.7 26.89 36.46 10.97 48.65 12.79 63.12 29.58 17.14 22.25 7.9 48.3 4.35 55.44-19.08 37.49-68.42 34.44-69.26 34.42zm40.2 104.86c-70.03 51.72-171.69 79.25-258.49 79.25A469.127 469.127 0 0 1 2.83 327.46c-6.53-5.89-.77-13.96 7.17-9.47a637.37 637.37 0 0 0 316.88 84.12 630.22 630.22 0 0 0 241.59-49.55c11.78-5 21.77 7.8 10.12 16.38zm29.19-33.29c-8.96-11.52-59.28-5.38-81.81-2.69-6.79.77-7.94-5.12-1.79-9.47 40.07-28.17 105.88-20.1 113.44-10.63 7.55 9.47-2.05 75.41-39.56 106.91-5.76 4.87-11.27 2.3-8.71-4.1 8.44-21.25 27.39-68.49 18.43-80.02z"
            fill="currentColor"
          />
        </svg>
        <svg
          aria-hidden="true"
          class="svg-inline--fa fa-git-alt fa-3x "
          data-icon="git-alt"
          data-prefix="fab"
          focusable="false"
          role="img"
          viewBox="0 0 448 512"
          xmlns="http://www.w3.org/2000/svg"
        >
          <path
            d="M439.55 236.05L244 40.45a28.87 28.87 0 0 0-40.81 0l-40.66 40.63 51.52 51.52c27.06-9.14 52.68 16.77 43.39 43.68l49.66 49.66c34.23-11.8 61.18 31 35.47 56.69-26.49 26.49-70.21-2.87-56-37.34L240.22 199v121.85c25.3 12.54 22.26 41.85 9.08 55a34.34 34.34 0 0 1-48.55 0c-17.57-17.6-11.07-46.91 11.25-56v-123c-20.8-8.51-24.6-30.74-18.64-45L142.57 101 8.45 235.14a28.86 28.86 0 0 0 0 40.81l195.61 195.6a28.86 28.86 0 0 0 40.8 0l194.69-194.69a28.86 28.86 0 0 0 0-40.81z"
            fill="currentColor"
          />
        </svg>
        <svg
          aria-hidden="true"
          class="svg-inline--fa fa-js fa-3x "
          data-icon="js"
          data-prefix="fab"
          focusable="false"
          role="img"
          viewBox="0 0 448 512"
          xmlns="http://www.w3.org/2000/svg"
        >
          <path
            d="M0 32v448h448V32H0zm243.8 349.4c0 43.6-25.6 63.5-62.9 63.5-33.7 0-53.2-17.4-63.2-38.5l34.3-20.7c6.6 11.7 12.6 21.6 27.1 21.6 13.8 0 22.6-5.4 22.6-26.5V237.7h42.1v143.7zm99.6 63.5c-39.1 0-64.4-18.6-76.7-43l34.3-19.8c9 14.7 20.8 25.6 41.5 25.6 17.4 0 28.6-8.7 28.6-20.8 0-14.4-11.4-19.5-30.7-28l-10.5-4.5c-30.4-12.9-50.5-29.2-50.5-63.5 0-31.6 24.1-55.6 61.6-55.6 26.8 0 46 9.3 59.8 33.7L368 290c-7.2-12.9-15-18-27.1-18-12.3 0-20.1 7.8-20.1 18 0 12.6 7.8 17.7 25.9 25.6l10.5 4.5c35.8 15.3 55.9 31 55.9 66.2 0 37.8-29.8 58.6-69.7 58.6z"
            fill="currentColor"
          />
        </svg>
        <svg
          aria-hidden="true"
          class="svg-inline--fa fa-python fa-3x "
          data-icon="python"
          data-prefix="fab"
          focusable="false"
          role="img"
          viewBox="0 0 448 512"
          xmlns="http://www.w3.org/2000/svg"
        >
          <path
            d="M439.8 200.5c-7.7-30.9-22.3-54.2-53.4-54.2h-40.1v47.4c0 36.8-31.2 67.8-66.8 67.8H172.7c-29.2 0-53.4 25-53.4 54.3v101.8c0 29 25.2 46 53.4 54.3 33.8 9.9 66.3 11.7 106.8 0 26.9-7.8 53.4-23.5 53.4-54.3v-40.7H226.2v-13.6h160.2c31.1 0 42.6-21.7 53.4-54.2 11.2-33.5 10.7-65.7 0-108.6zM286.2 404c11.1 0 20.1 9.1 20.1 20.3 0 11.3-9 20.4-20.1 20.4-11 0-20.1-9.2-20.1-20.4.1-11.3 9.1-20.3 20.1-20.3zM167.8 248.1h106.8c29.7 0 53.4-24.5 53.4-54.3V91.9c0-29-24.4-50.7-53.4-55.6-35.8-5.9-74.7-5.6-106.8.1-45.2 8-53.4 24.7-53.4 55.6v40.7h106.9v13.6h-147c-31.1 0-58.3 18.7-66.8 54.2-9.8 40.7-10.2 66.1 0 108.6 7.6 31.6 25.7 54.2 56.8 54.2H101v-48.8c0-35.3 30.5-66.4 66.8-66.4zm-6.7-142.6c-11.1 0-20.1-9.1-20.1-20.3.1-11.3 9-20.4 20.1-20.4 11 0 20.1 9.2 20.1 20.4s-9 20.3-20.1 20.3z"
            fill="currentColor"
          />
        </svg>
        <svg
          aria-hidden="true"
          class="svg-inline--fa fa-docker fa-3x "
          data-icon="docker"
          data-prefix="fab"
          focusable="false"
          role="img"
          viewBox="0 0 640 512"
          xmlns="http://www.w3.org/2000/svg"
        >
          <path
            d="M349.9 236.3h-66.1v-59.4h66.1v59.4zm0-204.3h-66.1v60.7h66.1V32zm78.2 144.8H362v59.4h66.1v-59.4zm-156.3-72.1h-66.1v60.1h66.1v-60.1zm78.1 0h-66.1v60.1h66.1v-60.1zm276.8 100c-14.4-9.7-47.6-13.2-73.1-8.4-3.3-24-16.7-44.9-41.1-63.7l-14-9.3-9.3 14c-18.4 27.8-23.4 73.6-3.7 103.8-8.7 4.7-25.8 11.1-48.4 10.7H2.4c-8.7 50.8 5.8 116.8 44 162.1 37.1 43.9 92.7 66.2 165.4 66.2 157.4 0 273.9-72.5 328.4-204.2 21.4.4 67.6.1 91.3-45.2 1.5-2.5 6.6-13.2 8.5-17.1l-13.3-8.9zm-511.1-27.9h-66v59.4h66.1v-59.4zm78.1 0h-66.1v59.4h66.1v-59.4zm78.1 0h-66.1v59.4h66.1v-59.4zm-78.1-72.1h-66.1v60.1h66.1v-60.1z"
            fill="currentColor"
          />
        </svg>
      </div>
      <h2
        class="jsx-c163f45a9b619e59"
      >
        When I'm Not Coding
      </h2>
      <div
        class="jsx-c163f45a9b619e59 row"
      >
        <p
          class="jsx-c163f45a9b619e59"
        >
          You can find me at the local comic book shop or watching sports. I often am speaking about tech as well. Here is my 
          <a
            class="jsx-c163f45a9b619e59 rainbow"
            href="https://www.youtube.com/watch?v=WVpzpXgt7TA"
          >
            latest talk on YouTube
          </a>
          . If you have been to one of a Eugene Web Devs event and want to get in contact with me, use one of the social links at the top of the page.
        </p>
      </div>
    </div>
  </div>
</div>
`;
